context/DataContext.tsx(80,71): error TS2339: Property 'trackingNumber' does not exist on type 'unknown'.
context/DataContext.tsx(119,62): error TS2339: Property 'id' does not exist on type 'unknown'.
